  ??????????????????????????????????? ????????????????????????????????????????????????????????????????????????????????
  ?[amux]                           ? ?  ? amp-0 ?  ? amp-1 ?  + New  New (Select Agent)                             ?
  ?                                 ? ? frame 2 -xxxxxxxxxxxxxxxxxxxxxx                                              ?
  ? primary                         ? ?                                                                              ?
  ?  + New                          ? ?                                                                              ?
  ?                                 ? ?                                                                              ?
  ?                                 ? ?                                                                              ?
  ?                                 ? ?                                                                              ?
  ?                                 ? ?                                                                              ?
  ?                                 ? ?                                                                              ?
  ?                                 ? ?                                                                              ?
  ?                                 ? ?                                                                              ?
  ?                                 ? ?                                                                              ?
  ?                                 ? ?                                                                              ?
  ?                                 ? ?                                                                              ?
  ?                                 ? ?                                                                              ?
  ?                                 ? ?                                                                              ?
  ?                                 ? ?                                                                              ?
  ?                                 ? ?                                                                              ?
  ?                                 ? ?                                                                              ?
  ?                                 ? ?                                                                              ?
  ?                                 ? ?                                                                              ?
  ?[?H] [?M] [?S]                   ? ?                                                                              ?
  ??????????????????????????????????? ????????????????????????????????????????????????????????????????????????????????