  ???????????????????????????? ???????????????????????????????????????????????????????????????????????????????????????
  ? [amux]                   ? ?  ? amp-0 ?  ? amp-1 ?  + New                                                        ?
  ? primary                  ? ? frame 2 -xxxxxxxxxxxxxxxxxxxxxx                                                     ?
  ?  + New                   ? ?                                                                                     ?
  ?                          ? ?                                                                                     ?
  ?                          ? ?                                                                                     ?
  ?                          ? ?                                                                                     ?
  ?                          ? ?                                                                                     ?
  ?                          ? ?                                                                                     ?
  ?                          ? ?                                                                                     ?
  ?                          ? ?                                                                                     ?
  ?                          ? ?                                                                                     ?
  ?                          ? ?                                                                                     ?
  ?                          ? ?                                                                                     ?
  ?                          ? ?                                                                                     ?
  ?                          ? ?                                                                                     ?
  ?                          ? ?                                                                                     ?
  ?                          ? ?                                                                                     ?
  ?                          ? ?                                                                                     ?
  ?                          ? ?                                                                                     ?
  ?                          ? ?                                                                                     ?
  ? [Help] [Monitor]         ? ?                                                                                     ?
  ? [Settings]               ? ?                                                                                     ?
  ???????????????????????????? ???????????????????????????????????????????????????????????????????????????????????????