  ??????????????????????????????????? ????????????????????????????????????????????????????????????????????????????????
  ?[medusa]                         ? ? main ?  ? /repo/primary/ws [Copy] [IDE]     [Commit] [Merge to main (local)] ?
  ?                                 ? ? ???????????????????????????????????????????????????????????????????????????? ?
  ? primary                         ? ?  ? amp-0 ?  ? amp-1 ?  + New  + New (Select Agent)                           ?
  ?  + New                          ? ? frame 2 -xxxxxxxxxxxxxxxxxxxxxx                                              ?
  ?                                 ? ?                                                                              ?
  ? + Add Project                   ? ?                                                                              ?
  ?                                 ? ?                                                                              ?
  ?                                 ? ?                                                                              ?
  ?                                 ? ?                                                                              ?
  ?                                 ? ?                                                                              ?
  ?                                 ? ?                                                                              ?
  ?                                 ? ?                                                                              ?
  ?                                 ? ?                                                                              ?
  ?                                 ? ?                                                                              ?
  ?                                 ? ?                                                                              ?
  ?                                 ? ?                                                                              ?
  ?                                 ? ?                                                                              ?
  ?                                 ? ?                                                                              ?
  ?                                 ? ?                                                                              ?
  ?                                 ? ????????????????????????????????????????????????????????????????????????????????
  ?                                 ? ????????????????????????????????????????????????????????????????????????????????
  ?          [?] [M] [S]            ? ? Terminal (click ? to expand)                                               ? ?
  ??????????????????????????????????? ????????????????????????????????????????????????????????????????????????????????