 [All]  [repo-0]  [repo-1]  [repo-2]  [repo-3]                           [Exit]
???????????????????????????????????????? ???????????????????????????????????????
?> ? repo-0/ws-0 [amp-0]               ? ?  ? repo-1/ws-1 [amp-1]              ?
?frame 2 -xxxxxxxxxxxxxxxxxxxxxx       ? ?                                     ?
?                                      ? ?                                     ?
?                                      ? ?                                     ?
?                                      ? ?                                     ?
?                                      ? ?                                     ?
?                                      ? ?                                     ?
?                                      ? ?                                     ?
?                                      ? ?                                     ?
???????????????????????????????????????? ???????????????????????????????????????

???????????????????????????????????????? ???????????????????????????????????????
?  ? repo-2/ws-2 [amp-2]               ? ?  ? repo-3/ws-3 [amp-3]              ?
?                                      ? ?                                     ?
?                                      ? ?                                     ?
?                                      ? ?                                     ?
?                                      ? ?                                     ?
?                                      ? ?                                     ?
?                                      ? ?                                     ?
?                                      ? ?                                     ?
?                                      ? ?                                     ?
???????????????????????????????????????? ???????????????????????????????????????