 [All]  [repo-0]  [repo-1]  [repo-2]  [repo-3]                           [Exit]
???????????????????????????????????????? ???????????????????????????????????????
?> ? repo-0/wt-0 [amp-0]               ? ?  ? repo-1/wt-1 [amp-1]              ?
?                                      ? ?                                     ?
?                                      ? ?                                     ?
?                                      ? ?                                     ?
?                                      ? ?                                     ?
?                                      ? ?                                     ?
?                                      ? ?                                     ?
?                                      ? ?                                     ?
?                                      ? ?                                     ?
???????????????????????????????????????? ???????????????????????????????????????

???????????????????????????????????????? ???????????????????????????????????????
?  ? repo-2/wt-2 [amp-2]               ? ?  ? repo-3/wt-3 [amp-3]              ?
?                                      ? ?                                     ?
?                                      ? ?                                     ?
?                                      ? ?                                     ?
?                                      ? ?                                     ?
?                                      ? ?                                     ?
?                                      ? ?                                     ?
?                                      ? ?                                     ?
?                                      ? ?                                     ?
???????????????????????????????????????? ???????????????????????????????????????